// Jest Snapshot v1, https://goo.gl/fbAQLP

exports[`Корректная работа Circle Circle c буквами 1`] = `
<div
  className="content "
  data-testid="circle"
>
  <div
    className="text text_type_input text_color_input mb-4 absolute head element"
    data-testid="head"
  />
  <div
    className="circle   default"
    data-testid="circleDiv"
  >
    <p
      className="text text_type_circle text_color_input letter"
      data-testid="testCircle"
    />
  </div>
  <p
    className="text text_type_input text_color_input mt-4 absolute index"
  />
  <div
    className="text text_type_input text_color_input mt-4 absolute tail30 element"
    data-testid="tail"
  />
</div>
`;

exports[`Корректная работа Circle Circle без буквы 1`] = `
<div
  className="content "
  data-testid="circle"
>
  <div
    className="text text_type_input text_color_input mb-4 absolute head element"
    data-testid="head"
  />
  <div
    className="circle   default"
    data-testid="circleDiv"
  >
    <p
      className="text text_type_circle text_color_input letter"
      data-testid="testCircle"
    />
  </div>
  <p
    className="text text_type_input text_color_input mt-4 absolute index"
  />
  <div
    className="text text_type_input text_color_input mt-4 absolute tail30 element"
    data-testid="tail"
  />
</div>
`;
